dbug: Rbac.Infrastructure.Elasticsearch.Bootstrap.RbacEsAliasBootstrapper[0]
      Alias rbac_user_index already exists, skip bootstrap.
dbug: Rbac.Infrastructure.Elasticsearch.Bootstrap.RbacEsAliasBootstrapper[0]
      Alias rbac_group_index already exists, skip bootstrap.
dbug: Rbac.Infrastructure.Elasticsearch.Bootstrap.RbacEsAliasBootstrapper[0]
      Alias rbac_rule_index already exists, skip bootstrap.
dbug: Rbac.Infrastructure.Elasticsearch.Bootstrap.RbacEsAliasBootstrapper[0]
      Alias rbac_permission_view_index already exists, skip bootstrap.
dbug: Rbac.Infrastructure.Elasticsearch.Bootstrap.RbacEsAliasBootstrapper[0]
      Alias rbac_audit_log_index already exists, skip bootstrap.
info: Microsoft.AspNetCore.DataProtection.KeyManagement.XmlKeyManager[63]
      User profile is available. Using 'C:\Users\24203\AppData\Local\ASP.NET\DataProtection-Keys' as key repository and Windows DPAPI to encrypt keys at rest.
dbug: Microsoft.Extensions.Hosting.Internal.Host[1]
      Hosting starting
info: Rbac.Infrastructure.Redis.RbacCacheInvalidationSubscriber[0]
      Subscribed to Redis channel: rbac.cache.invalidate
info: Rbac.Application.Auditing.RbacAuditEventWorker[0]
      RbacAuditEventWorker started.
info: Microsoft.Hosting.Lifetime[14]
      Now listening on: http://127.0.0.1:5263
info: Microsoft.Hosting.Lifetime[0]
      Application started. Press Ctrl+C to shut down.
info: Microsoft.Hosting.Lifetime[0]
      Hosting environment: Development
info: Microsoft.Hosting.Lifetime[0]
      Content root path: E:\router\router\Rbac.Api\
dbug: Microsoft.Extensions.Hosting.Internal.Host[2]
      Hosting started
info: Microsoft.AspNetCore.Hosting.Diagnostics[1]
      Request starting HTTP/1.1 GET http://127.0.0.1:5263/api/global/project/list - -
dbug: Rbac.Api.Security.TrustedJwtAuthenticationHandler[8]
      AuthenticationScheme: Bearer was successfully authenticated.
dbug: Microsoft.EntityFrameworkCore.Infrastructure[10401]
      An 'IServiceProvider' was created for internal use by Entity Framework.
dbug: ZiggyCreatures.Caching.Fusion.FusionCache[0]
      FUSION [N=FusionCache I=f10049113c364486846061c9157e63e4] (O=0HNMAFR1HK29H K=rbac:user-projects:196045): calling GetOrSetAsync<T> FEO[LKTO=/ DUR=1m SKM=N SKD=N SKDRWS=N DDUR=20m JIT=0 PR=N SZ=/ FS=Y FSMAX=02:00:00 DFSMAX=/ FSTHR=30s FSTO=/ FHTO=/ TOFC=Y DSTO=/ DHTO=/ ABDO=N SBN=N BBO=Y]
dbug: ZiggyCreatures.Caching.Fusion.FusionCache[0]
      FUSION [N=FusionCache I=f10049113c364486846061c9157e63e4] (O=0HNMAFR1HK29H K=rbac:user-projects:196045): [MC] memory entry not found
dbug: ZiggyCreatures.Caching.Fusion.FusionCache[0]
      FUSION [N=FusionCache I=f10049113c364486846061c9157e63e4] (O=0HNMAFR1HK29H K=rbac:user-projects:196045): [MC] memory entry not found
dbug: ZiggyCreatures.Caching.Fusion.FusionCache[0]
      FUSION [N=FusionCache I=f10049113c364486846061c9157e63e4] (O=0HNMAFR1HK29H K=rbac:user-projects:196045): calling the factory (timeout=/)
dbug: ZiggyCreatures.Caching.Fusion.FusionCache[0]
      FUSION [N=FusionCache I=f10049113c364486846061c9157e63e4] (O=0HNMAFR1HK29H K=rbac:user-projects:196045): [MC] saving entry in memory FE[FFS=N, LEXP=60s, EEXP=/, LM=/, ET=/]
dbug: ZiggyCreatures.Caching.Fusion.FusionCache[0]
      FUSION [N=FusionCache I=f10049113c364486846061c9157e63e4] (O=0HNMAFR1HK29H K=rbac:user-projects:196045): return FE[FFS=N, LEXP=60s, EEXP=/, LM=/, ET=/]
dbug: Rbac.Application.Security.RbacProjectResolver[0]
      Authorized userid=196045 project=__global__ super=True traceId=0HNMAFR1F3GEV:00000002
dbug: Rbac.Api.Middleware.CurrentRbacContextMiddleware[0]
      RbacContext set userid=196045 project=__global__ authorized=True traceId=0HNMAFR1F3GEV:00000002
info: Rbac.Application.Auditing.RbacAuditEventWorker[0]
      Audit event consumed auditId=facc32cadf5845dd91e84bfe9f153e19 type=AuthorizationAuditEvent
info: Microsoft.AspNetCore.Routing.EndpointMiddleware[0]
      Executing endpoint 'Rbac.Api.Controllers.Global.GlobalProjectController.List (Rbac.Api)'
info: Microsoft.AspNetCore.Mvc.Infrastructure.ControllerActionInvoker[3]
      Route matched with {action = "List", controller = "GlobalProject", page = ""}. Executing controller action with signature System.Threading.Tasks.Task`1[Rbac.Application.Contracts.Common.ApiResponse`1[Rbac.Application.Contracts.Common.PagedData`1[System.String]]] List(System.Threading.CancellationToken) on controller Rbac.Api.Controllers.Global.GlobalProjectController (Rbac.Api).
dbug: ZiggyCreatures.Caching.Fusion.FusionCache[0]
      FUSION [N=FusionCache I=f10049113c364486846061c9157e63e4] (O=0HNMAFR1HK29I K=rbac:api-map:__global__): calling GetOrSetAsync<T> FEO[LKTO=/ DUR=2m SKM=N SKD=N SKDRWS=N DDUR=01:00:00 JIT=0 PR=N SZ=/ FS=Y FSMAX=02:00:00 DFSMAX=/ FSTHR=30s FSTO=500ms FHTO=3s TOFC=Y DSTO=/ DHTO=/ ABDO=N SBN=N BBO=Y]
dbug: ZiggyCreatures.Caching.Fusion.FusionCache[0]
      FUSION [N=FusionCache I=f10049113c364486846061c9157e63e4] (O=0HNMAFR1HK29I K=rbac:api-map:__global__): [MC] memory entry not found
dbug: ZiggyCreatures.Caching.Fusion.FusionCache[0]
      FUSION [N=FusionCache I=f10049113c364486846061c9157e63e4] (O=0HNMAFR1HK29I K=rbac:api-map:__global__): [MC] memory entry not found
dbug: ZiggyCreatures.Caching.Fusion.FusionCache[0]
      FUSION [N=FusionCache I=f10049113c364486846061c9157e63e4] (O=0HNMAFR1HK29I K=rbac:api-map:__global__): calling the factory (timeout=3s)
warn: Microsoft.EntityFrameworkCore.Model.Validation[10620]
      The property 'RbacGroup.PermissionCodes' is a collection or enumeration type with a value converter but with no value comparer. Set a value comparer to ensure the collection/enumeration elements are compared correctly.
warn: Microsoft.EntityFrameworkCore.Model.Validation[10620]
      The property 'RbacGroup.RuleCodes' is a collection or enumeration type with a value converter but with no value comparer. Set a value comparer to ensure the collection/enumeration elements are compared correctly.
info: Microsoft.EntityFrameworkCore.Infrastructure[10403]
      Entity Framework Core 6.0.36 initialized 'RbacDbContext' using provider 'DM.Microsoft.EntityFrameworkCore:6.0.0.33671' with options: None
dbug: Microsoft.EntityFrameworkCore.Query[10111]
      Compiling query expression: 
      'DbSet<RbacApiPermissionMap>()
          .Where(m => m.Project == __project_0 && (int)m.Status == 0)'
dbug: Microsoft.EntityFrameworkCore.Query[10107]
      Generated query execution expression: 
      'queryContext => new SingleQueryingEnumerable<RbacApiPermissionMap>(
          (RelationalQueryContext)queryContext, 
          RelationalCommandCache.SelectExpression(
              Projection Mapping:
                  EmptyProjectionMember -> Dictionary<IProperty, int> { [Property: RbacApiPermissionMap.Id (Guid) Required PK AfterSave:Throw MaxLength(36), 0], [Property: RbacApiPermissionMap.Action (string) Required MaxLength(16), 1], [Property: RbacApiPermissionMap.CreatedAt (DateTimeOffset) Required, 2], [Property: RbacApiPermissionMap.HttpMethod (string) Required Index MaxLength(8), 3], [Property: RbacApiPermissionMap.PermissionCode (PermissionCode) Required MaxLength(256), 4], [Property: RbacApiPermissionMap.Project (ProjectCode) Required Index MaxLength(64), 5], [Property: RbacApiPermissionMap.RoutePattern (string) Required Index MaxLength(512), 6], [Property: RbacApiPermissionMap.Status (ApiMapStatus) Required MaxLength(16), 7], [Property: RbacApiPermissionMap.UpdatedAt (DateTimeOffset) Required, 8] }
              SELECT r.id, r.action, r.created_at, r.http_method, r.permission_code, r.project, r.route_pattern, r.status, r.updated_at
              FROM rbac_api_permission_map AS r
              WHERE (r.project == @__project_0) && (r.status == 'Active')), 
          Func<QueryContext, DbDataReader, ResultContext, SingleQueryResultCoordinator, RbacApiPermissionMap>, 
          Rbac.Infrastructure.DM.Mapping.RbacDbContext, 
          False, 
          False, 
          True
      )'
dbug: Microsoft.EntityFrameworkCore.Database.Connection[20000]
      Opening connection to database '' on server '(null)'.
dbug: Microsoft.EntityFrameworkCore.Database.Connection[20001]
      Opened connection to database 'ROUTER' on server '192.168.124.2'.
info: Microsoft.EntityFrameworkCore.Database.Command[20101]
      Executed DbCommand (42ms) [Parameters=[:__project_0='?' (Size = 10)], CommandType='Text', CommandTimeout='0']
      SELECT "r"."id", "r"."action", "r"."created_at", "r"."http_method", "r"."permission_code", "r"."project", "r"."route_pattern", "r"."status", "r"."updated_at"
      FROM "rbac_api_permission_map" AS "r"
      WHERE ("r"."project" = :__project_0) AND ("r"."status" = 'Active')
dbug: Microsoft.EntityFrameworkCore.ChangeTracking[10806]
      Context 'RbacDbContext' started tracking 'RbacApiPermissionMap' entity. Consider using 'DbContextOptionsBuilder.EnableSensitiveDataLogging' to see key values.
dbug: Microsoft.EntityFrameworkCore.ChangeTracking[10806]
      Context 'RbacDbContext' started tracking 'RbacApiPermissionMap' entity. Consider using 'DbContextOptionsBuilder.EnableSensitiveDataLogging' to see key values.
dbug: Microsoft.EntityFrameworkCore.ChangeTracking[10806]
      Context 'RbacDbContext' started tracking 'RbacApiPermissionMap' entity. Consider using 'DbContextOptionsBuilder.EnableSensitiveDataLogging' to see key values.
dbug: Microsoft.EntityFrameworkCore.ChangeTracking[10806]
      Context 'RbacDbContext' started tracking 'RbacApiPermissionMap' entity. Consider using 'DbContextOptionsBuilder.EnableSensitiveDataLogging' to see key values.
dbug: Microsoft.EntityFrameworkCore.ChangeTracking[10806]
      Context 'RbacDbContext' started tracking 'RbacApiPermissionMap' entity. Consider using 'DbContextOptionsBuilder.EnableSensitiveDataLogging' to see key values.
dbug: Microsoft.EntityFrameworkCore.ChangeTracking[10806]
      Context 'RbacDbContext' started tracking 'RbacApiPermissionMap' entity. Consider using 'DbContextOptionsBuilder.EnableSensitiveDataLogging' to see key values.
dbug: Microsoft.EntityFrameworkCore.ChangeTracking[10806]
      Context 'RbacDbContext' started tracking 'RbacApiPermissionMap' entity. Consider using 'DbContextOptionsBuilder.EnableSensitiveDataLogging' to see key values.
dbug: Microsoft.EntityFrameworkCore.ChangeTracking[10806]
      Context 'RbacDbContext' started tracking 'RbacApiPermissionMap' entity. Consider using 'DbContextOptionsBuilder.EnableSensitiveDataLogging' to see key values.
dbug: Microsoft.EntityFrameworkCore.ChangeTracking[10806]
      Context 'RbacDbContext' started tracking 'RbacApiPermissionMap' entity. Consider using 'DbContextOptionsBuilder.EnableSensitiveDataLogging' to see key values.
dbug: Microsoft.EntityFrameworkCore.Database.Connection[20002]
      Closing connection to database 'ROUTER' on server '192.168.124.2'.
dbug: Microsoft.EntityFrameworkCore.Database.Connection[20003]
      Closed connection to database '' on server '(null)'.
dbug: ZiggyCreatures.Caching.Fusion.FusionCache[0]
      FUSION [N=FusionCache I=f10049113c364486846061c9157e63e4] (O=0HNMAFR1HK29I K=rbac:api-map:__global__): [MC] saving entry in memory FE[FFS=N, LEXP=2m, EEXP=/, LM=/, ET=/]
dbug: ZiggyCreatures.Caching.Fusion.FusionCache[0]
      FUSION [N=FusionCache I=f10049113c364486846061c9157e63e4] (O=0HNMAFR1HK29I K=rbac:api-map:__global__): return FE[FFS=N, LEXP=2m, EEXP=/, LM=/, ET=/]
dbug: Rbac.Api.Authorization.RoutePatternApiPermissionMapper[0]
      Matched pattern=/api/global/project/list permCode=rbac.global.admin action=access
dbug: Rbac.Application.Authorization.RbacPermissionChecker[0]
      SuperAllow userid=196045 project=__global__
info: Rbac.Application.Auditing.RbacAuditEventWorker[0]
      Audit event consumed auditId=8b95d691e46d4c7fae8a8d01e02a6a3c type=AuthorizationAuditEvent
dbug: Microsoft.EntityFrameworkCore.Query[10111]
      Compiling query expression: 
      'DbSet<RbacProjectGrant>()
          .AsNoTracking()'
dbug: Microsoft.EntityFrameworkCore.Query[10107]
      Generated query execution expression: 
      'queryContext => new SingleQueryingEnumerable<RbacProjectGrant>(
          (RelationalQueryContext)queryContext, 
          RelationalCommandCache.SelectExpression(
              Projection Mapping:
                  EmptyProjectionMember -> Dictionary<IProperty, int> { [Property: RbacProjectGrant.Id (Guid) Required PK AfterSave:Throw MaxLength(36), 0], [Property: RbacProjectGrant.GrantedAt (DateTimeOffset) Required, 1], [Property: RbacProjectGrant.GrantedBy (string) Required MaxLength(128), 2], [Property: RbacProjectGrant.IsSuper (bool) Required, 3], [Property: RbacProjectGrant.Project (ProjectCode) Required Index MaxLength(64), 4], [Property: RbacProjectGrant.UpdatedAt (DateTimeOffset) Required, 5], [Property: RbacProjectGrant.Userid (UserId) Required Index MaxLength(128), 6] }
              SELECT r.id, r.granted_at, r.granted_by, r.is_super, r.project, r.updated_at, r.userid
              FROM rbac_project_grant AS r), 
          Func<QueryContext, DbDataReader, ResultContext, SingleQueryResultCoordinator, RbacProjectGrant>, 
          Rbac.Infrastructure.DM.Mapping.RbacDbContext, 
          False, 
          False, 
          True
      )'
dbug: Microsoft.EntityFrameworkCore.Database.Connection[20000]
      Opening connection to database '' on server '(null)'.
dbug: Microsoft.EntityFrameworkCore.Database.Connection[20001]
      Opened connection to database 'ROUTER' on server '192.168.124.2'.
info: Microsoft.EntityFrameworkCore.Database.Command[20101]
      Executed DbCommand (4ms) [Parameters=[], CommandType='Text', CommandTimeout='0']
      SELECT "r"."id", "r"."granted_at", "r"."granted_by", "r"."is_super", "r"."project", "r"."updated_at", "r"."userid"
      FROM "rbac_project_grant" AS "r"
dbug: Microsoft.EntityFrameworkCore.Database.Connection[20002]
      Closing connection to database 'ROUTER' on server '192.168.124.2'.
dbug: Microsoft.EntityFrameworkCore.Database.Connection[20003]
      Closed connection to database '' on server '(null)'.
info: Microsoft.AspNetCore.Mvc.Infrastructure.ObjectResultExecutor[1]
      Executing ObjectResult, writing value of type 'Rbac.Application.Contracts.Common.ApiResponse`1[[Rbac.Application.Contracts.Common.PagedData`1[[System.String, System.Private.CoreLib, Version=6.0.0.0, Culture=neutral, PublicKeyToken=7cec85d7bea7798e]], Rbac.Application, Version=1.0.0.0, Culture=neutral, PublicKeyToken=null]]'.
info: Microsoft.AspNetCore.Mvc.Infrastructure.ControllerActionInvoker[2]
      Executed action Rbac.Api.Controllers.Global.GlobalProjectController.List (Rbac.Api) in 882.0185ms
info: Microsoft.AspNetCore.Routing.EndpointMiddleware[1]
      Executed endpoint 'Rbac.Api.Controllers.Global.GlobalProjectController.List (Rbac.Api)'
dbug: Microsoft.EntityFrameworkCore.Infrastructure[10407]
      'RbacDbContext' disposed.
info: Microsoft.AspNetCore.Hosting.Diagnostics[2]
      Request finished HTTP/1.1 GET http://127.0.0.1:5263/api/global/project/list - - - 200 - application/json;+charset=utf-8 1172.9570ms
info: Microsoft.AspNetCore.Hosting.Diagnostics[1]
      Request starting HTTP/1.1 GET http://127.0.0.1:5263/api/global/user/list?page=1&pageSize=10 - -
dbug: Rbac.Api.Security.TrustedJwtAuthenticationHandler[8]
      AuthenticationScheme: Bearer was successfully authenticated.
dbug: ZiggyCreatures.Caching.Fusion.FusionCache[0]
      FUSION [N=FusionCache I=f10049113c364486846061c9157e63e4] (O=0HNMAFR1HK29J K=rbac:user-projects:196045): calling GetOrSetAsync<T> FEO[LKTO=/ DUR=1m SKM=N SKD=N SKDRWS=N DDUR=20m JIT=0 PR=N SZ=/ FS=Y FSMAX=02:00:00 DFSMAX=/ FSTHR=30s FSTO=/ FHTO=/ TOFC=Y DSTO=/ DHTO=/ ABDO=N SBN=N BBO=Y]
dbug: ZiggyCreatures.Caching.Fusion.FusionCache[0]
      FUSION [N=FusionCache I=f10049113c364486846061c9157e63e4] (O=0HNMAFR1HK29J K=rbac:user-projects:196045): [MC] memory entry found FE[FFS=N, LEXP=59s, EEXP=/, LM=/, ET=/]
dbug: ZiggyCreatures.Caching.Fusion.FusionCache[0]
      FUSION [N=FusionCache I=f10049113c364486846061c9157e63e4] (O=0HNMAFR1HK29J K=rbac:user-projects:196045): return FE[FFS=N, LEXP=59s, EEXP=/, LM=/, ET=/]
dbug: Rbac.Application.Security.RbacProjectResolver[0]
      Authorized userid=196045 project=__global__ super=True traceId=0HNMAFR1F3GF0:00000002
dbug: Rbac.Api.Middleware.CurrentRbacContextMiddleware[0]
      RbacContext set userid=196045 project=__global__ authorized=True traceId=0HNMAFR1F3GF0:00000002
info: Rbac.Application.Auditing.RbacAuditEventWorker[0]
      Audit event consumed auditId=3d40856c39f04c928b3808d30b870198 type=AuthorizationAuditEvent
info: Microsoft.AspNetCore.Routing.EndpointMiddleware[0]
      Executing endpoint 'Rbac.Api.Controllers.Global.GlobalUserController.List (Rbac.Api)'
info: Microsoft.AspNetCore.Mvc.Infrastructure.ControllerActionInvoker[3]
      Route matched with {action = "List", controller = "GlobalUser", page = ""}. Executing controller action with signature System.Threading.Tasks.Task`1[Rbac.Application.Contracts.Common.ApiResponse`1[Rbac.Application.Contracts.Common.PagedData`1[Rbac.Application.Search.UserSearchResult]]] List(Rbac.Application.Search.UserSearchQuery, System.Threading.CancellationToken) on controller Rbac.Api.Controllers.Global.GlobalUserController (Rbac.Api).
dbug: ZiggyCreatures.Caching.Fusion.FusionCache[0]
      FUSION [N=FusionCache I=f10049113c364486846061c9157e63e4] (O=0HNMAFR1HK29K K=rbac:api-map:__global__): calling GetOrSetAsync<T> FEO[LKTO=/ DUR=2m SKM=N SKD=N SKDRWS=N DDUR=01:00:00 JIT=0 PR=N SZ=/ FS=Y FSMAX=02:00:00 DFSMAX=/ FSTHR=30s FSTO=500ms FHTO=3s TOFC=Y DSTO=/ DHTO=/ ABDO=N SBN=N BBO=Y]
dbug: ZiggyCreatures.Caching.Fusion.FusionCache[0]
      FUSION [N=FusionCache I=f10049113c364486846061c9157e63e4] (O=0HNMAFR1HK29K K=rbac:api-map:__global__): [MC] memory entry found FE[FFS=N, LEXP=2m, EEXP=/, LM=/, ET=/]
dbug: ZiggyCreatures.Caching.Fusion.FusionCache[0]
      FUSION [N=FusionCache I=f10049113c364486846061c9157e63e4] (O=0HNMAFR1HK29K K=rbac:api-map:__global__): return FE[FFS=N, LEXP=2m, EEXP=/, LM=/, ET=/]
dbug: Rbac.Api.Authorization.RoutePatternApiPermissionMapper[0]
      Matched pattern=/api/global/user/list permCode=rbac.global.user.manage action=access
dbug: Rbac.Application.Authorization.RbacPermissionChecker[0]
      SuperAllow userid=196045 project=__global__
info: Rbac.Application.Auditing.RbacAuditEventWorker[0]
      Audit event consumed auditId=23bcb236e1c94b728058391bd4174efc type=AuthorizationAuditEvent
info: Microsoft.AspNetCore.Mvc.Infrastructure.ObjectResultExecutor[1]
      Executing ObjectResult, writing value of type 'Rbac.Application.Contracts.Common.ApiResponse`1[[Rbac.Application.Contracts.Common.PagedData`1[[Rbac.Application.Search.UserSearchResult, Rbac.Application, Version=1.0.0.0, Culture=neutral, PublicKeyToken=null]], Rbac.Application, Version=1.0.0.0, Culture=neutral, PublicKeyToken=null]]'.
info: Microsoft.AspNetCore.Mvc.Infrastructure.ControllerActionInvoker[2]
      Executed action Rbac.Api.Controllers.Global.GlobalUserController.List (Rbac.Api) in 95.839ms
info: Microsoft.AspNetCore.Routing.EndpointMiddleware[1]
      Executed endpoint 'Rbac.Api.Controllers.Global.GlobalUserController.List (Rbac.Api)'
info: Microsoft.AspNetCore.Hosting.Diagnostics[2]
      Request finished HTTP/1.1 GET http://127.0.0.1:5263/api/global/user/list?page=1&pageSize=10 - - - 200 - application/json;+charset=utf-8 106.0037ms
info: Microsoft.AspNetCore.Hosting.Diagnostics[1]
      Request starting HTTP/1.1 GET http://127.0.0.1:5263/api/global/group/list?page=1&pageSize=10 - -
dbug: Rbac.Api.Security.TrustedJwtAuthenticationHandler[8]
      AuthenticationScheme: Bearer was successfully authenticated.
dbug: ZiggyCreatures.Caching.Fusion.FusionCache[0]
      FUSION [N=FusionCache I=f10049113c364486846061c9157e63e4] (O=0HNMAFR1HK29L K=rbac:user-projects:196045): calling GetOrSetAsync<T> FEO[LKTO=/ DUR=1m SKM=N SKD=N SKDRWS=N DDUR=20m JIT=0 PR=N SZ=/ FS=Y FSMAX=02:00:00 DFSMAX=/ FSTHR=30s FSTO=/ FHTO=/ TOFC=Y DSTO=/ DHTO=/ ABDO=N SBN=N BBO=Y]
dbug: ZiggyCreatures.Caching.Fusion.FusionCache[0]
      FUSION [N=FusionCache I=f10049113c364486846061c9157e63e4] (O=0HNMAFR1HK29L K=rbac:user-projects:196045): [MC] memory entry found FE[FFS=N, LEXP=59s, EEXP=/, LM=/, ET=/]
dbug: ZiggyCreatures.Caching.Fusion.FusionCache[0]
      FUSION [N=FusionCache I=f10049113c364486846061c9157e63e4] (O=0HNMAFR1HK29L K=rbac:user-projects:196045): return FE[FFS=N, LEXP=59s, EEXP=/, LM=/, ET=/]
dbug: Rbac.Application.Security.RbacProjectResolver[0]
      Authorized userid=196045 project=__global__ super=True traceId=0HNMAFR1F3GF1:00000002
dbug: Rbac.Api.Middleware.CurrentRbacContextMiddleware[0]
      RbacContext set userid=196045 project=__global__ authorized=True traceId=0HNMAFR1F3GF1:00000002
info: Microsoft.AspNetCore.Routing.EndpointMiddleware[0]
      Executing endpoint 'Rbac.Api.Controllers.Global.GlobalGroupController.List (Rbac.Api)'
info: Rbac.Application.Auditing.RbacAuditEventWorker[0]
      Audit event consumed auditId=95796745f7e0448898d2b070acdc4702 type=AuthorizationAuditEvent
info: Microsoft.AspNetCore.Mvc.Infrastructure.ControllerActionInvoker[3]
      Route matched with {action = "List", controller = "GlobalGroup", page = ""}. Executing controller action with signature System.Threading.Tasks.Task`1[Rbac.Application.Contracts.Common.ApiResponse`1[Rbac.Application.Contracts.Common.PagedData`1[Rbac.Application.Search.GroupSearchResult]]] List(Rbac.Application.Search.GroupSearchQuery, System.Threading.CancellationToken) on controller Rbac.Api.Controllers.Global.GlobalGroupController (Rbac.Api).
dbug: ZiggyCreatures.Caching.Fusion.FusionCache[0]
      FUSION [N=FusionCache I=f10049113c364486846061c9157e63e4] (O=0HNMAFR1HK29M K=rbac:api-map:__global__): calling GetOrSetAsync<T> FEO[LKTO=/ DUR=2m SKM=N SKD=N SKDRWS=N DDUR=01:00:00 JIT=0 PR=N SZ=/ FS=Y FSMAX=02:00:00 DFSMAX=/ FSTHR=30s FSTO=500ms FHTO=3s TOFC=Y DSTO=/ DHTO=/ ABDO=N SBN=N BBO=Y]
dbug: ZiggyCreatures.Caching.Fusion.FusionCache[0]
      FUSION [N=FusionCache I=f10049113c364486846061c9157e63e4] (O=0HNMAFR1HK29M K=rbac:api-map:__global__): [MC] memory entry found FE[FFS=N, LEXP=2m, EEXP=/, LM=/, ET=/]
dbug: ZiggyCreatures.Caching.Fusion.FusionCache[0]
      FUSION [N=FusionCache I=f10049113c364486846061c9157e63e4] (O=0HNMAFR1HK29M K=rbac:api-map:__global__): return FE[FFS=N, LEXP=2m, EEXP=/, LM=/, ET=/]
dbug: Rbac.Api.Authorization.RoutePatternApiPermissionMapper[0]
      Matched pattern=/api/global/group/list permCode=rbac.global.group.manage action=access
dbug: Rbac.Application.Authorization.RbacPermissionChecker[0]
      SuperAllow userid=196045 project=__global__
info: Rbac.Application.Auditing.RbacAuditEventWorker[0]
      Audit event consumed auditId=fa0382173cf54e9a8e76a901d8f7d772 type=AuthorizationAuditEvent
info: Microsoft.AspNetCore.Mvc.Infrastructure.ObjectResultExecutor[1]
      Executing ObjectResult, writing value of type 'Rbac.Application.Contracts.Common.ApiResponse`1[[Rbac.Application.Contracts.Common.PagedData`1[[Rbac.Application.Search.GroupSearchResult, Rbac.Application, Version=1.0.0.0, Culture=neutral, PublicKeyToken=null]], Rbac.Application, Version=1.0.0.0, Culture=neutral, PublicKeyToken=null]]'.
info: Microsoft.AspNetCore.Mvc.Infrastructure.ControllerActionInvoker[2]
      Executed action Rbac.Api.Controllers.Global.GlobalGroupController.List (Rbac.Api) in 24.0564ms
info: Microsoft.AspNetCore.Routing.EndpointMiddleware[1]
      Executed endpoint 'Rbac.Api.Controllers.Global.GlobalGroupController.List (Rbac.Api)'
info: Microsoft.AspNetCore.Hosting.Diagnostics[2]
      Request finished HTTP/1.1 GET http://127.0.0.1:5263/api/global/group/list?page=1&pageSize=10 - - - 200 - application/json;+charset=utf-8 34.9093ms
info: Microsoft.AspNetCore.Hosting.Diagnostics[1]
      Request starting HTTP/1.1 GET http://127.0.0.1:5263/api/global/menu/list?page=1&pageSize=10 - -
dbug: Rbac.Api.Security.TrustedJwtAuthenticationHandler[8]
      AuthenticationScheme: Bearer was successfully authenticated.
dbug: ZiggyCreatures.Caching.Fusion.FusionCache[0]
      FUSION [N=FusionCache I=f10049113c364486846061c9157e63e4] (O=0HNMAFR1HK29N K=rbac:user-projects:196045): calling GetOrSetAsync<T> FEO[LKTO=/ DUR=1m SKM=N SKD=N SKDRWS=N DDUR=20m JIT=0 PR=N SZ=/ FS=Y FSMAX=02:00:00 DFSMAX=/ FSTHR=30s FSTO=/ FHTO=/ TOFC=Y DSTO=/ DHTO=/ ABDO=N SBN=N BBO=Y]
dbug: ZiggyCreatures.Caching.Fusion.FusionCache[0]
      FUSION [N=FusionCache I=f10049113c364486846061c9157e63e4] (O=0HNMAFR1HK29N K=rbac:user-projects:196045): [MC] memory entry found FE[FFS=N, LEXP=59s, EEXP=/, LM=/, ET=/]
dbug: ZiggyCreatures.Caching.Fusion.FusionCache[0]
      FUSION [N=FusionCache I=f10049113c364486846061c9157e63e4] (O=0HNMAFR1HK29N K=rbac:user-projects:196045): return FE[FFS=N, LEXP=59s, EEXP=/, LM=/, ET=/]
dbug: Rbac.Application.Security.RbacProjectResolver[0]
      Authorized userid=196045 project=__global__ super=True traceId=0HNMAFR1F3GF2:00000002
dbug: Rbac.Api.Middleware.CurrentRbacContextMiddleware[0]
      RbacContext set userid=196045 project=__global__ authorized=True traceId=0HNMAFR1F3GF2:00000002
info: Microsoft.AspNetCore.Routing.EndpointMiddleware[0]
      Executing endpoint 'Rbac.Api.Controllers.Global.GlobalMenuController.List (Rbac.Api)'
info: Rbac.Application.Auditing.RbacAuditEventWorker[0]
      Audit event consumed auditId=039d3e132b4d4f7ead9115d2a1826656 type=AuthorizationAuditEvent
info: Microsoft.AspNetCore.Mvc.Infrastructure.ControllerActionInvoker[3]
      Route matched with {action = "List", controller = "GlobalMenu", page = ""}. Executing controller action with signature System.Threading.Tasks.Task`1[Rbac.Application.Contracts.Common.ApiResponse`1[Rbac.Application.Contracts.Common.PagedData`1[Rbac.Application.Search.RuleSearchResult]]] List(Rbac.Application.Search.RuleSearchQuery, System.Threading.CancellationToken) on controller Rbac.Api.Controllers.Global.GlobalMenuController (Rbac.Api).
dbug: ZiggyCreatures.Caching.Fusion.FusionCache[0]
      FUSION [N=FusionCache I=f10049113c364486846061c9157e63e4] (O=0HNMAFR1HK29O K=rbac:api-map:__global__): calling GetOrSetAsync<T> FEO[LKTO=/ DUR=2m SKM=N SKD=N SKDRWS=N DDUR=01:00:00 JIT=0 PR=N SZ=/ FS=Y FSMAX=02:00:00 DFSMAX=/ FSTHR=30s FSTO=500ms FHTO=3s TOFC=Y DSTO=/ DHTO=/ ABDO=N SBN=N BBO=Y]
dbug: ZiggyCreatures.Caching.Fusion.FusionCache[0]
      FUSION [N=FusionCache I=f10049113c364486846061c9157e63e4] (O=0HNMAFR1HK29O K=rbac:api-map:__global__): [MC] memory entry found FE[FFS=N, LEXP=2m, EEXP=/, LM=/, ET=/]
dbug: ZiggyCreatures.Caching.Fusion.FusionCache[0]
      FUSION [N=FusionCache I=f10049113c364486846061c9157e63e4] (O=0HNMAFR1HK29O K=rbac:api-map:__global__): return FE[FFS=N, LEXP=2m, EEXP=/, LM=/, ET=/]
dbug: Rbac.Api.Authorization.RoutePatternApiPermissionMapper[0]
      Matched pattern=/api/global/menu/list permCode=rbac.global.menu.manage action=access
dbug: Rbac.Application.Authorization.RbacPermissionChecker[0]
      SuperAllow userid=196045 project=__global__
info: Rbac.Application.Auditing.RbacAuditEventWorker[0]
      Audit event consumed auditId=4aa38c62935e46af8892373d47bdd465 type=AuthorizationAuditEvent
info: Microsoft.AspNetCore.Mvc.Infrastructure.ObjectResultExecutor[1]
      Executing ObjectResult, writing value of type 'Rbac.Application.Contracts.Common.ApiResponse`1[[Rbac.Application.Contracts.Common.PagedData`1[[Rbac.Application.Search.RuleSearchResult, Rbac.Application, Version=1.0.0.0, Culture=neutral, PublicKeyToken=null]], Rbac.Application, Version=1.0.0.0, Culture=neutral, PublicKeyToken=null]]'.
info: Microsoft.AspNetCore.Mvc.Infrastructure.ControllerActionInvoker[2]
      Executed action Rbac.Api.Controllers.Global.GlobalMenuController.List (Rbac.Api) in 40.8145ms
info: Microsoft.AspNetCore.Routing.EndpointMiddleware[1]
      Executed endpoint 'Rbac.Api.Controllers.Global.GlobalMenuController.List (Rbac.Api)'
info: Microsoft.AspNetCore.Hosting.Diagnostics[2]
      Request finished HTTP/1.1 GET http://127.0.0.1:5263/api/global/menu/list?page=1&pageSize=10 - - - 200 - application/json;+charset=utf-8 46.3655ms
info: Microsoft.AspNetCore.Hosting.Diagnostics[1]
      Request starting HTTP/1.1 GET http://127.0.0.1:5263/api/global/project/list - -
dbug: Rbac.Api.Security.TrustedJwtAuthenticationHandler[8]
      AuthenticationScheme: Bearer was successfully authenticated.
dbug: ZiggyCreatures.Caching.Fusion.FusionCache[0]
      FUSION [N=FusionCache I=f10049113c364486846061c9157e63e4] (O=0HNMAFR1HK29P K=rbac:user-projects:196045): calling GetOrSetAsync<T> FEO[LKTO=/ DUR=1m SKM=N SKD=N SKDRWS=N DDUR=20m JIT=0 PR=N SZ=/ FS=Y FSMAX=02:00:00 DFSMAX=/ FSTHR=30s FSTO=/ FHTO=/ TOFC=Y DSTO=/ DHTO=/ ABDO=N SBN=N BBO=Y]
dbug: ZiggyCreatures.Caching.Fusion.FusionCache[0]
      FUSION [N=FusionCache I=f10049113c364486846061c9157e63e4] (O=0HNMAFR1HK29P K=rbac:user-projects:196045): [MC] memory entry found FE[FFS=N, LEXP=59s, EEXP=/, LM=/, ET=/]
dbug: ZiggyCreatures.Caching.Fusion.FusionCache[0]
      FUSION [N=FusionCache I=f10049113c364486846061c9157e63e4] (O=0HNMAFR1HK29P K=rbac:user-projects:196045): return FE[FFS=N, LEXP=59s, EEXP=/, LM=/, ET=/]
dbug: Rbac.Application.Security.RbacProjectResolver[0]
      Authorized userid=196045 project=oversia super=True traceId=0HNMAFR1F3GF3:00000002
dbug: Rbac.Api.Middleware.CurrentRbacContextMiddleware[0]
      RbacContext set userid=196045 project=oversia authorized=True traceId=0HNMAFR1F3GF3:00000002
info: Microsoft.AspNetCore.Routing.EndpointMiddleware[0]
      Executing endpoint 'Rbac.Api.Controllers.Global.GlobalProjectController.List (Rbac.Api)'
info: Rbac.Application.Auditing.RbacAuditEventWorker[0]
      Audit event consumed auditId=93eb5cc7b0c04bea85322fe1a5e8f71c type=AuthorizationAuditEvent
info: Microsoft.AspNetCore.Mvc.Infrastructure.ControllerActionInvoker[3]
      Route matched with {action = "List", controller = "GlobalProject", page = ""}. Executing controller action with signature System.Threading.Tasks.Task`1[Rbac.Application.Contracts.Common.ApiResponse`1[Rbac.Application.Contracts.Common.PagedData`1[System.String]]] List(System.Threading.CancellationToken) on controller Rbac.Api.Controllers.Global.GlobalProjectController (Rbac.Api).
dbug: ZiggyCreatures.Caching.Fusion.FusionCache[0]
      FUSION [N=FusionCache I=f10049113c364486846061c9157e63e4] (O=0HNMAFR1HK29Q K=rbac:api-map:oversia): calling GetOrSetAsync<T> FEO[LKTO=/ DUR=2m SKM=N SKD=N SKDRWS=N DDUR=01:00:00 JIT=0 PR=N SZ=/ FS=Y FSMAX=02:00:00 DFSMAX=/ FSTHR=30s FSTO=500ms FHTO=3s TOFC=Y DSTO=/ DHTO=/ ABDO=N SBN=N BBO=Y]
dbug: ZiggyCreatures.Caching.Fusion.FusionCache[0]
      FUSION [N=FusionCache I=f10049113c364486846061c9157e63e4] (O=0HNMAFR1HK29Q K=rbac:api-map:oversia): [MC] memory entry not found
dbug: ZiggyCreatures.Caching.Fusion.FusionCache[0]
      FUSION [N=FusionCache I=f10049113c364486846061c9157e63e4] (O=0HNMAFR1HK29Q K=rbac:api-map:oversia): [MC] memory entry not found
dbug: ZiggyCreatures.Caching.Fusion.FusionCache[0]
      FUSION [N=FusionCache I=f10049113c364486846061c9157e63e4] (O=0HNMAFR1HK29Q K=rbac:api-map:oversia): calling the factory (timeout=3s)
info: Microsoft.EntityFrameworkCore.Infrastructure[10403]
      Entity Framework Core 6.0.36 initialized 'RbacDbContext' using provider 'DM.Microsoft.EntityFrameworkCore:6.0.0.33671' with options: None
dbug: Microsoft.EntityFrameworkCore.Database.Connection[20000]
      Opening connection to database '' on server '(null)'.
dbug: Microsoft.EntityFrameworkCore.Database.Connection[20001]
      Opened connection to database 'ROUTER' on server '192.168.124.2'.
info: Microsoft.EntityFrameworkCore.Database.Command[20101]
      Executed DbCommand (8ms) [Parameters=[:__project_0='?' (Size = 7)], CommandType='Text', CommandTimeout='0']
      SELECT "r"."id", "r"."action", "r"."created_at", "r"."http_method", "r"."permission_code", "r"."project", "r"."route_pattern", "r"."status", "r"."updated_at"
      FROM "rbac_api_permission_map" AS "r"
      WHERE ("r"."project" = :__project_0) AND ("r"."status" = 'Active')
dbug: Microsoft.EntityFrameworkCore.ChangeTracking[10806]
      Context 'RbacDbContext' started tracking 'RbacApiPermissionMap' entity. Consider using 'DbContextOptionsBuilder.EnableSensitiveDataLogging' to see key values.
dbug: Microsoft.EntityFrameworkCore.ChangeTracking[10806]
      Context 'RbacDbContext' started tracking 'RbacApiPermissionMap' entity. Consider using 'DbContextOptionsBuilder.EnableSensitiveDataLogging' to see key values.
dbug: Microsoft.EntityFrameworkCore.ChangeTracking[10806]
      Context 'RbacDbContext' started tracking 'RbacApiPermissionMap' entity. Consider using 'DbContextOptionsBuilder.EnableSensitiveDataLogging' to see key values.
dbug: Microsoft.EntityFrameworkCore.ChangeTracking[10806]
      Context 'RbacDbContext' started tracking 'RbacApiPermissionMap' entity. Consider using 'DbContextOptionsBuilder.EnableSensitiveDataLogging' to see key values.
dbug: Microsoft.EntityFrameworkCore.ChangeTracking[10806]
      Context 'RbacDbContext' started tracking 'RbacApiPermissionMap' entity. Consider using 'DbContextOptionsBuilder.EnableSensitiveDataLogging' to see key values.
dbug: Microsoft.EntityFrameworkCore.ChangeTracking[10806]
      Context 'RbacDbContext' started tracking 'RbacApiPermissionMap' entity. Consider using 'DbContextOptionsBuilder.EnableSensitiveDataLogging' to see key values.
dbug: Microsoft.EntityFrameworkCore.ChangeTracking[10806]
      Context 'RbacDbContext' started tracking 'RbacApiPermissionMap' entity. Consider using 'DbContextOptionsBuilder.EnableSensitiveDataLogging' to see key values.
dbug: Microsoft.EntityFrameworkCore.ChangeTracking[10806]
      Context 'RbacDbContext' started tracking 'RbacApiPermissionMap' entity. Consider using 'DbContextOptionsBuilder.EnableSensitiveDataLogging' to see key values.
dbug: Microsoft.EntityFrameworkCore.ChangeTracking[10806]
      Context 'RbacDbContext' started tracking 'RbacApiPermissionMap' entity. Consider using 'DbContextOptionsBuilder.EnableSensitiveDataLogging' to see key values.
dbug: Microsoft.EntityFrameworkCore.ChangeTracking[10806]
      Context 'RbacDbContext' started tracking 'RbacApiPermissionMap' entity. Consider using 'DbContextOptionsBuilder.EnableSensitiveDataLogging' to see key values.
dbug: Microsoft.EntityFrameworkCore.ChangeTracking[10806]
      Context 'RbacDbContext' started tracking 'RbacApiPermissionMap' entity. Consider using 'DbContextOptionsBuilder.EnableSensitiveDataLogging' to see key values.
dbug: Microsoft.EntityFrameworkCore.ChangeTracking[10806]
      Context 'RbacDbContext' started tracking 'RbacApiPermissionMap' entity. Consider using 'DbContextOptionsBuilder.EnableSensitiveDataLogging' to see key values.
dbug: Microsoft.EntityFrameworkCore.ChangeTracking[10806]
      Context 'RbacDbContext' started tracking 'RbacApiPermissionMap' entity. Consider using 'DbContextOptionsBuilder.EnableSensitiveDataLogging' to see key values.
dbug: Microsoft.EntityFrameworkCore.ChangeTracking[10806]
      Context 'RbacDbContext' started tracking 'RbacApiPermissionMap' entity. Consider using 'DbContextOptionsBuilder.EnableSensitiveDataLogging' to see key values.
dbug: Microsoft.EntityFrameworkCore.ChangeTracking[10806]
      Context 'RbacDbContext' started tracking 'RbacApiPermissionMap' entity. Consider using 'DbContextOptionsBuilder.EnableSensitiveDataLogging' to see key values.
dbug: Microsoft.EntityFrameworkCore.ChangeTracking[10806]
      Context 'RbacDbContext' started tracking 'RbacApiPermissionMap' entity. Consider using 'DbContextOptionsBuilder.EnableSensitiveDataLogging' to see key values.
dbug: Microsoft.EntityFrameworkCore.ChangeTracking[10806]
      Context 'RbacDbContext' started tracking 'RbacApiPermissionMap' entity. Consider using 'DbContextOptionsBuilder.EnableSensitiveDataLogging' to see key values.
dbug: Microsoft.EntityFrameworkCore.ChangeTracking[10806]
      Context 'RbacDbContext' started tracking 'RbacApiPermissionMap' entity. Consider using 'DbContextOptionsBuilder.EnableSensitiveDataLogging' to see key values.
dbug: Microsoft.EntityFrameworkCore.ChangeTracking[10806]
      Context 'RbacDbContext' started tracking 'RbacApiPermissionMap' entity. Consider using 'DbContextOptionsBuilder.EnableSensitiveDataLogging' to see key values.
dbug: Microsoft.EntityFrameworkCore.ChangeTracking[10806]
      Context 'RbacDbContext' started tracking 'RbacApiPermissionMap' entity. Consider using 'DbContextOptionsBuilder.EnableSensitiveDataLogging' to see key values.
dbug: Microsoft.EntityFrameworkCore.ChangeTracking[10806]
      Context 'RbacDbContext' started tracking 'RbacApiPermissionMap' entity. Consider using 'DbContextOptionsBuilder.EnableSensitiveDataLogging' to see key values.
dbug: Microsoft.EntityFrameworkCore.ChangeTracking[10806]
      Context 'RbacDbContext' started tracking 'RbacApiPermissionMap' entity. Consider using 'DbContextOptionsBuilder.EnableSensitiveDataLogging' to see key values.
dbug: Microsoft.EntityFrameworkCore.ChangeTracking[10806]
      Context 'RbacDbContext' started tracking 'RbacApiPermissionMap' entity. Consider using 'DbContextOptionsBuilder.EnableSensitiveDataLogging' to see key values.
dbug: Microsoft.EntityFrameworkCore.ChangeTracking[10806]
      Context 'RbacDbContext' started tracking 'RbacApiPermissionMap' entity. Consider using 'DbContextOptionsBuilder.EnableSensitiveDataLogging' to see key values.
dbug: Microsoft.EntityFrameworkCore.ChangeTracking[10806]
      Context 'RbacDbContext' started tracking 'RbacApiPermissionMap' entity. Consider using 'DbContextOptionsBuilder.EnableSensitiveDataLogging' to see key values.
dbug: Microsoft.EntityFrameworkCore.ChangeTracking[10806]
      Context 'RbacDbContext' started tracking 'RbacApiPermissionMap' entity. Consider using 'DbContextOptionsBuilder.EnableSensitiveDataLogging' to see key values.
dbug: Microsoft.EntityFrameworkCore.ChangeTracking[10806]
      Context 'RbacDbContext' started tracking 'RbacApiPermissionMap' entity. Consider using 'DbContextOptionsBuilder.EnableSensitiveDataLogging' to see key values.
dbug: Microsoft.EntityFrameworkCore.ChangeTracking[10806]
      Context 'RbacDbContext' started tracking 'RbacApiPermissionMap' entity. Consider using 'DbContextOptionsBuilder.EnableSensitiveDataLogging' to see key values.
dbug: Microsoft.EntityFrameworkCore.ChangeTracking[10806]
      Context 'RbacDbContext' started tracking 'RbacApiPermissionMap' entity. Consider using 'DbContextOptionsBuilder.EnableSensitiveDataLogging' to see key values.
dbug: Microsoft.EntityFrameworkCore.ChangeTracking[10806]
      Context 'RbacDbContext' started tracking 'RbacApiPermissionMap' entity. Consider using 'DbContextOptionsBuilder.EnableSensitiveDataLogging' to see key values.
dbug: Microsoft.EntityFrameworkCore.ChangeTracking[10806]
      Context 'RbacDbContext' started tracking 'RbacApiPermissionMap' entity. Consider using 'DbContextOptionsBuilder.EnableSensitiveDataLogging' to see key values.
dbug: Microsoft.EntityFrameworkCore.ChangeTracking[10806]
      Context 'RbacDbContext' started tracking 'RbacApiPermissionMap' entity. Consider using 'DbContextOptionsBuilder.EnableSensitiveDataLogging' to see key values.
dbug: Microsoft.EntityFrameworkCore.ChangeTracking[10806]
      Context 'RbacDbContext' started tracking 'RbacApiPermissionMap' entity. Consider using 'DbContextOptionsBuilder.EnableSensitiveDataLogging' to see key values.
dbug: Microsoft.EntityFrameworkCore.ChangeTracking[10806]
      Context 'RbacDbContext' started tracking 'RbacApiPermissionMap' entity. Consider using 'DbContextOptionsBuilder.EnableSensitiveDataLogging' to see key values.
dbug: Microsoft.EntityFrameworkCore.Database.Connection[20002]
      Closing connection to database 'ROUTER' on server '192.168.124.2'.
dbug: Microsoft.EntityFrameworkCore.Database.Connection[20003]
      Closed connection to database '' on server '(null)'.
dbug: ZiggyCreatures.Caching.Fusion.FusionCache[0]
      FUSION [N=FusionCache I=f10049113c364486846061c9157e63e4] (O=0HNMAFR1HK29Q K=rbac:api-map:oversia): [MC] saving entry in memory FE[FFS=N, LEXP=2m, EEXP=/, LM=/, ET=/]
dbug: ZiggyCreatures.Caching.Fusion.FusionCache[0]
      FUSION [N=FusionCache I=f10049113c364486846061c9157e63e4] (O=0HNMAFR1HK29Q K=rbac:api-map:oversia): return FE[FFS=N, LEXP=2m, EEXP=/, LM=/, ET=/]
dbug: Rbac.Api.Authorization.RoutePatternApiPermissionMapper[0]
      No match for method=GET path=/api/global/project/list project=oversia
warn: Rbac.Api.Filters.RbacAuthorizationFilter[0]
      No permission mapping path=/api/global/project/list project=oversia
info: Microsoft.AspNetCore.Mvc.Infrastructure.ObjectResultExecutor[1]
      Executing ObjectResult, writing value of type '<>f__AnonymousType14`3[[System.Int32, System.Private.CoreLib, Version=6.0.0.0, Culture=neutral, PublicKeyToken=7cec85d7bea7798e],[System.String, System.Private.CoreLib, Version=6.0.0.0, Culture=neutral, PublicKeyToken=7cec85d7bea7798e],[System.String, System.Private.CoreLib, Version=6.0.0.0, Culture=neutral, PublicKeyToken=7cec85d7bea7798e]]'.
info: Microsoft.AspNetCore.Mvc.Infrastructure.ControllerActionInvoker[2]
      Executed action Rbac.Api.Controllers.Global.GlobalProjectController.List (Rbac.Api) in 64.5724ms
info: Microsoft.AspNetCore.Routing.EndpointMiddleware[1]
      Executed endpoint 'Rbac.Api.Controllers.Global.GlobalProjectController.List (Rbac.Api)'
dbug: Microsoft.EntityFrameworkCore.Infrastructure[10407]
      'RbacDbContext' disposed.
info: Microsoft.AspNetCore.Hosting.Diagnostics[2]
      Request finished HTTP/1.1 GET http://127.0.0.1:5263/api/global/project/list - - - 403 - application/json;+charset=utf-8 67.1431ms
